// Jest Snapshot v1, https://goo.gl/fbAQLP

exports[`CarRegistration component renders a CarRegistration component 1`] = `
<form
  onSubmit={[Function]}
>
  <h2>
    New Registration
  </h2>
  <p>
    <label
      htmlFor="plate"
    >
      Plate: 
    </label>
    <input
      name="plate"
      onChange={[Function]}
      type="text"
      value=""
    />
  </p>
  <p>
    <label
      htmlFor="make"
    >
      Make: 
    </label>
    <input
      name="make"
      onChange={[Function]}
      type="text"
      value=""
    />
  </p>
  <p>
    <label
      htmlFor="model"
    >
      Model: 
    </label>
    <input
      name="model"
      onChange={[Function]}
      type="text"
      value=""
    />
  </p>
  <p>
    <label
      htmlFor="color"
    >
      Color: 
    </label>
    <input
      name="color"
      onChange={[Function]}
      type="text"
      value=""
    />
  </p>
  <button
    type="submit"
  >
    Register
  </button>
</form>
`;
