// Jest Snapshot v1, https://goo.gl/fbAQLP

exports[`<Footer /> renders 1`] = `
<footer
  className="footer"
>
  <p>
    Made with the utmost seriousness - 2018
  </p>
</footer>
`;
